// Jest Snapshot v1, https://goo.gl/fbAQLP

exports[`App should render the compoent 1`] = `
<main>
  <Route
    component={[Function]}
    exact={true}
    path="/"
  />
</main>
`;
